
> learning-hub@1.0.0 test:lab03
> playwright test lab03


Running 57 tests using 4 workers

[1/57] [chromium] › tests\lab03-management-groups.spec.js:46:3 › Lab 03 - Management Groups & Azure Policy › should display the organizational chart SVG
[2/57] [chromium] › tests\lab03-management-groups.spec.js:36:3 › Lab 03 - Management Groups & Azure Policy › should display the magnifying glass button
[3/57] [chromium] › tests\lab03-management-groups.spec.js:16:3 › Lab 03 - Management Groups & Azure Policy › should load the page successfully
[4/57] [chromium] › tests\lab03-management-groups.spec.js:26:3 › Lab 03 - Management Groups & Azure Policy › should display the organizational hierarchy section
[5/57] [chromium] › tests\lab03-management-groups.spec.js:56:3 › Lab 03 - Management Groups & Azure Policy › should display all hierarchy levels in the chart
[6/57] [chromium] › tests\lab03-management-groups.spec.js:91:3 › Lab 03 - Management Groups & Azure Policy › should have proper SVG styling with connectors
[7/57] [chromium] › tests\lab03-management-groups.spec.js:104:3 › Lab 03 - Management Groups & Azure Policy › should have color-coded hierarchy nodes
[8/57] [chromium] › tests\lab03-management-groups.spec.js:121:3 › Lab 03 - Management Groups & Azure Policy › should open modal when magnifying glass is clicked
[9/57] [chromium] › tests\lab03-management-groups.spec.js:135:3 › Lab 03 - Management Groups & Azure Policy › should display SVG in modal with correct viewBox
[10/57] [chromium] › tests\lab03-management-groups.spec.js:150:3 › Lab 03 - Management Groups & Azure Policy › should close modal when close button is clicked
[11/57] [chromium] › tests\lab03-management-groups.spec.js:169:3 › Lab 03 - Management Groups & Azure Policy › should close modal when clicking outside (backdrop)
[12/57] [chromium] › tests\lab03-management-groups.spec.js:184:3 › Lab 03 - Management Groups & Azure Policy › should close modal when Escape key is pressed
[13/57] [chromium] › tests\lab03-management-groups.spec.js:202:3 › Lab 03 - Management Groups & Azure Policy › should have all hierarchy levels properly aligned
[14/57] [chromium] › tests\lab03-management-groups.spec.js:213:3 › Lab 03 - Management Groups & Azure Policy › should display all management departments
[15/57] [chromium] › tests\lab03-management-groups.spec.js:224:3 › Lab 03 - Management Groups & Azure Policy › should display all subscriptions
[16/57] [chromium] › tests\lab03-management-groups.spec.js:239:3 › Lab 03 - Management Groups & Azure Policy › should display resource groups
[17/57] [chromium] › tests\lab03-management-groups.spec.js:250:3 › Lab 03 - Management Groups & Azure Policy › should have proper page structure and headings
[18/57] [chromium] › tests\lab03-management-groups.spec.js:264:3 › Lab 03 - Management Groups & Azure Policy › should have responsive chart container
[19/57] [chromium] › tests\lab03-management-groups.spec.js:276:3 › Lab 03 - Management Groups & Azure Policy › should have no broken links or missing elements
[20/57] [firefox] › tests\lab03-management-groups.spec.js:16:3 › Lab 03 - Management Groups & Azure Policy › should load the page successfully
[21/57] [firefox] › tests\lab03-management-groups.spec.js:26:3 › Lab 03 - Management Groups & Azure Policy › should display the organizational hierarchy section
[22/57] [firefox] › tests\lab03-management-groups.spec.js:46:3 › Lab 03 - Management Groups & Azure Policy › should display the organizational chart SVG
[23/57] [firefox] › tests\lab03-management-groups.spec.js:36:3 › Lab 03 - Management Groups & Azure Policy › should display the magnifying glass button
[24/57] [firefox] › tests\lab03-management-groups.spec.js:56:3 › Lab 03 - Management Groups & Azure Policy › should display all hierarchy levels in the chart
[25/57] [firefox] › tests\lab03-management-groups.spec.js:91:3 › Lab 03 - Management Groups & Azure Policy › should have proper SVG styling with connectors
[26/57] [firefox] › tests\lab03-management-groups.spec.js:104:3 › Lab 03 - Management Groups & Azure Policy › should have color-coded hierarchy nodes
[27/57] [firefox] › tests\lab03-management-groups.spec.js:121:3 › Lab 03 - Management Groups & Azure Policy › should open modal when magnifying glass is clicked
[28/57] [firefox] › tests\lab03-management-groups.spec.js:135:3 › Lab 03 - Management Groups & Azure Policy › should display SVG in modal with correct viewBox
[29/57] [firefox] › tests\lab03-management-groups.spec.js:150:3 › Lab 03 - Management Groups & Azure Policy › should close modal when close button is clicked
[30/57] [firefox] › tests\lab03-management-groups.spec.js:169:3 › Lab 03 - Management Groups & Azure Policy › should close modal when clicking outside (backdrop)
[31/57] [firefox] › tests\lab03-management-groups.spec.js:184:3 › Lab 03 - Management Groups & Azure Policy › should close modal when Escape key is pressed
[32/57] [firefox] › tests\lab03-management-groups.spec.js:202:3 › Lab 03 - Management Groups & Azure Policy › should have all hierarchy levels properly aligned
[33/57] [firefox] › tests\lab03-management-groups.spec.js:213:3 › Lab 03 - Management Groups & Azure Policy › should display all management departments
[34/57] [firefox] › tests\lab03-management-groups.spec.js:224:3 › Lab 03 - Management Groups & Azure Policy › should display all subscriptions
[35/57] [firefox] › tests\lab03-management-groups.spec.js:239:3 › Lab 03 - Management Groups & Azure Policy › should display resource groups
[36/57] [firefox] › tests\lab03-management-groups.spec.js:250:3 › Lab 03 - Management Groups & Azure Policy › should have proper page structure and headings
[37/57] [firefox] › tests\lab03-management-groups.spec.js:264:3 › Lab 03 - Management Groups & Azure Policy › should have responsive chart container
[38/57] [firefox] › tests\lab03-management-groups.spec.js:276:3 › Lab 03 - Management Groups & Azure Policy › should have no broken links or missing elements
[39/57] [webkit] › tests\lab03-management-groups.spec.js:26:3 › Lab 03 - Management Groups & Azure Policy › should display the organizational hierarchy section
[40/57] [webkit] › tests\lab03-management-groups.spec.js:36:3 › Lab 03 - Management Groups & Azure Policy › should display the magnifying glass button
[41/57] [webkit] › tests\lab03-management-groups.spec.js:16:3 › Lab 03 - Management Groups & Azure Policy › should load the page successfully
[42/57] [webkit] › tests\lab03-management-groups.spec.js:46:3 › Lab 03 - Management Groups & Azure Policy › should display the organizational chart SVG
[43/57] [webkit] › tests\lab03-management-groups.spec.js:56:3 › Lab 03 - Management Groups & Azure Policy › should display all hierarchy levels in the chart
[44/57] [webkit] › tests\lab03-management-groups.spec.js:91:3 › Lab 03 - Management Groups & Azure Policy › should have proper SVG styling with connectors
[45/57] [webkit] › tests\lab03-management-groups.spec.js:104:3 › Lab 03 - Management Groups & Azure Policy › should have color-coded hierarchy nodes
[46/57] [webkit] › tests\lab03-management-groups.spec.js:121:3 › Lab 03 - Management Groups & Azure Policy › should open modal when magnifying glass is clicked
[47/57] [webkit] › tests\lab03-management-groups.spec.js:135:3 › Lab 03 - Management Groups & Azure Policy › should display SVG in modal with correct viewBox
[48/57] [webkit] › tests\lab03-management-groups.spec.js:150:3 › Lab 03 - Management Groups & Azure Policy › should close modal when close button is clicked
[49/57] [webkit] › tests\lab03-management-groups.spec.js:169:3 › Lab 03 - Management Groups & Azure Policy › should close modal when clicking outside (backdrop)
[50/57] [webkit] › tests\lab03-management-groups.spec.js:184:3 › Lab 03 - Management Groups & Azure Policy › should close modal when Escape key is pressed
[51/57] [webkit] › tests\lab03-management-groups.spec.js:202:3 › Lab 03 - Management Groups & Azure Policy › should have all hierarchy levels properly aligned
[52/57] [webkit] › tests\lab03-management-groups.spec.js:213:3 › Lab 03 - Management Groups & Azure Policy › should display all management departments
[53/57] [webkit] › tests\lab03-management-groups.spec.js:224:3 › Lab 03 - Management Groups & Azure Policy › should display all subscriptions
[54/57] [webkit] › tests\lab03-management-groups.spec.js:239:3 › Lab 03 - Management Groups & Azure Policy › should display resource groups
[55/57] [webkit] › tests\lab03-management-groups.spec.js:250:3 › Lab 03 - Management Groups & Azure Policy › should have proper page structure and headings
[56/57] [webkit] › tests\lab03-management-groups.spec.js:264:3 › Lab 03 - Management Groups & Azure Policy › should have responsive chart container
[57/57] [webkit] › tests\lab03-management-groups.spec.js:276:3 › Lab 03 - Management Groups & Azure Policy › should have no broken links or missing elements
  57 passed (45.2s)
